============================================================
  Generated by:           Genus(TM) Synthesis Solution 20.11-s111_1
  Generated on:           Oct 25 2025  05:13:53 pm
  Module:                 aes
  Operating conditions:   slow (balanced_tree)
  Wireload mode:          enclosed
  Area mode:              timing library
============================================================


Path 1: MET (4130 ps) Setup Check with Pin core/keymem_key_mem_reg[13][68]/CK->SI
          Group: clk
     Startpoint: (R) core/aes_core_ctrl_reg_reg[1]/CK
          Clock: (R) clk
       Endpoint: (R) core/keymem_key_mem_reg[13][68]/SI
          Clock: (R) clk

                     Capture       Launch     
        Clock Edge:+   10000            0     
       Src Latency:+       0            0     
       Net Latency:+       0 (I)        0 (I) 
           Arrival:=   10000            0     
                                              
             Setup:-     266                  
       Uncertainty:-     200                  
     Required Time:=    9534                  
      Launch Clock:-       0                  
         Data Path:-    5404                  
             Slack:=    4130                  

#------------------------------------------------------------------------------------------------------------
#           Timing Point             Flags    Arc   Edge   Cell     Fanout Load Trans Delay Arrival Instance 
#                                                                          (fF)  (ps)  (ps)   (ps)  Location 
#------------------------------------------------------------------------------------------------------------
  core/aes_core_ctrl_reg_reg[1]/CK   -       -      R     (arrival)   2987    -     0     0       0    (-,-) 
  core/aes_core_ctrl_reg_reg[1]/QN   -       CK->QN R     DFFRX1         4  8.9    90   426     426    (-,-) 
  core/g148183/Y                     -       B0->Y  F     OAI21X1        4 10.8   180   153     579    (-,-) 
  core/drc_bufs148327/Y              -       A->Y   R     CLKINVX1       8 14.2   144   152     731    (-,-) 
  core/g148107/Y                     -       C->Y   F     NOR3BX1        4  6.8    95    85     816    (-,-) 
  core/g148069/Y                     -       C->Y   F     AND3X1         6 12.3   104   168     984    (-,-) 
  core/drc_bufs148353/Y              -       A->Y   R     CLKINVX1       3  8.1    85    92    1076    (-,-) 
  core/drc_bufs148340/Y              -       A->Y   F     CLKINVX1       7 14.0   108   100    1176    (-,-) 
  core/g148033/Y                     -       A->Y   F     BUFX2          8 14.1    75   167    1342    (-,-) 
  core/g147950/Y                     -       A1->Y  R     AOI222XL       1  1.7   209   214    1556    (-,-) 
  core/g147912/Y                     -       B->Y   F     NAND2XL        9 19.8   486   385    1942    (-,-) 
  core/sbox_inst/g70504/Y            -       A->Y   R     CLKINVX1       8 16.3   236   242    2183    (-,-) 
  core/sbox_inst/g70503/Y            -       A->Y   F     INVX1          9 19.2   173   166    2349    (-,-) 
  core/sbox_inst/g70878/Y            -       B->Y   R     NOR2BX1        3  6.1   139   141    2491    (-,-) 
  core/sbox_inst/g69976/Y            -       A->Y   F     CLKINVX1       8 17.5   140   132    2623    (-,-) 
  core/sbox_inst/drc_bufs70568/Y     -       A->Y   R     CLKINVX1      10 19.5   175   168    2791    (-,-) 
  core/sbox_inst/drc_bufs70567/Y     -       A->Y   F     CLKINVX1       8 16.5   142   137    2928    (-,-) 
  core/sbox_inst/g69973/Y            -       A->Y   R     CLKINVX1       2  3.4    64    70    2997    (-,-) 
  core/sbox_inst/g69432/Y            -       B->Y   F     NOR2XL         2  3.3    65    59    3056    (-,-) 
  core/sbox_inst/g68387/Y            -       A0->Y  R     AOI22XL        1  1.5   132   119    3175    (-,-) 
  core/sbox_inst/g68025/Y            -       A->Y   F     NAND4XL        1  2.8   211   193    3368    (-,-) 
  core/sbox_inst/g67907/Y            -       C0->Y  R     AOI211X1       1  1.7   135   138    3505    (-,-) 
  core/sbox_inst/g67886/Y            -       D->Y   F     NAND4XL        1  1.6   171   141    3646    (-,-) 
  core/sbox_inst/g67861/Y            -       D->Y   F     OR4X1          9 19.6   205   381    4027    (-,-) 
  core/g285535/Y                     -       A->Y   R     MXI2XL         3  7.1   259   241    4268    (-,-) 
  core/g285277/Y                     -       B->Y   F     NAND2XL        1  2.8   136   122    4390    (-,-) 
  core/g285149/Y                     -       B0->Y  R     OAI21X1        3  5.2   152    90    4480    (-,-) 
  core/g284529/Y                     -       B->Y   F     NAND2XL        4  9.0   239   204    4684    (-,-) 
  core/g281921/Y                     -       A->Y   F     MX2X1          1  1.7    53   192    4876    (-,-) 
  core/g280932/Y                     -       B->Y   R     NAND2XL        1  1.7    78    52    4928    (-,-) 
  core/g280860/Y                     -       B->Y   R     AND2X1         9 25.1   226   274    5203    (-,-) 
  core/drc_bufs288382/Y              -       A->Y   F     CLKINVX1       1  2.7    74    55    5257    (-,-) 
  core/drc_bufs288381/Y              -       A->Y   R     CLKINVX1       7 19.6   170   146    5404    (-,-) 
  core/keymem_key_mem_reg[13][68]/SI <<<     -      R     SDFFRHQX1      7    -     -     0    5404    (-,-) 
#------------------------------------------------------------------------------------------------------------

